09:31:08 **** Incremental Build of configuration Debug for project hello_world ****
make all 
'Building file: ../src/helloworld.c'
'Invoking: MicroBlaze gcc compiler'
mb-gcc -Wall -O0 -g3 -c -fmessage-length=0 -I../../hello_world_bsp/microblaze_0/include -mlittle-endian -mxl-barrel-shift -mxl-pattern-compare -mcpu=v8.50.b -mno-xl-soft-mul -Wl,--no-relax -ffunction-sections -fdata-sections -MMD -MP -MF"src/helloworld.d" -MT"src/helloworld.d" -o "src/helloworld.o" "../src/helloworld.c"
../src/helloworld.c:45:32: warning: useless storage class specifier in empty declaration [enabled by default]
../src/helloworld.c:46:1: error: unknown type name 'direction'
../src/helloworld.c: In function 'main':
../src/helloworld.c:51:19: warning: unused variable 'string_s' [-Wunused-variable]
make: *** [src/helloworld.o] Greška 1
09:31:10 **** Incremental Build of configuration Debug for project hello_world ****
make all 
'Building file: ../src/helloworld.c'
'Invoking: MicroBlaze gcc compiler'
mb-gcc -Wall -O0 -g3 -c -fmessage-length=0 -I../../hello_world_bsp/microblaze_0/include -mlittle-endian -mxl-barrel-shift -mxl-pattern-compare -mcpu=v8.50.b -mno-xl-soft-mul -Wl,--no-relax -ffunction-sections -fdata-sections -MMD -MP -MF"src/helloworld.d" -MT"src/helloworld.d" -o "src/helloworld.o" "../src/helloworld.c"
../src/helloworld.c:45:32: warning: useless storage class specifier in empty declaration [enabled by default]
../src/helloworld.c:46:1: error: unknown type name 'direction'
../src/helloworld.c: In function 'main':
../src/helloworld.c:51:19: warning: unused variable 'string_s' [-Wunused-variable]
make: *** [src/helloworld.o] Greška 1
09:31:36 **** Auto Build of configuration Debug for project hello_world ****
make all 
'Building file: ../src/helloworld.c'
'Invoking: MicroBlaze gcc compiler'
mb-gcc -Wall -O0 -g3 -c -fmessage-length=0 -I../../hello_world_bsp/microblaze_0/include -mlittle-endian -mxl-barrel-shift -mxl-pattern-compare -mcpu=v8.50.b -mno-xl-soft-mul -Wl,--no-relax -ffunction-sections -fdata-sections -MMD -MP -MF"src/helloworld.d" -MT"src/helloworld.d" -o "src/helloworld.o" "../src/helloworld.c"
../src/helloworld.c: In function 'main':
../src/helloworld.c:49:19: warning: unused variable 'string_s' [-Wunused-variable]
'Finished building: ../src/helloworld.c'
' '
'Building target: hello_world.elf'
'Invoking: MicroBlaze gcc linker'
mb-gcc -Wl,-T -Wl,../src/lscript.ld -L../../hello_world_bsp/microblaze_0/lib -mlittle-endian -mxl-barrel-shift -mxl-pattern-compare -mcpu=v8.50.b -mno-xl-soft-mul -Wl,--no-relax -Wl,--gc-sections -o "hello_world.elf"  ./src/helloworld.o ./src/platform.o ./src/vga_periph_mem.o   -Wl,--start-group,-lxil,-lgcc,-lc,--end-group
'Finished building target: hello_world.elf'
' '
'Invoking: MicroBlaze Print Size'
mb-size hello_world.elf  |tee "hello_world.elf.size"
   text	   data	    bss	    dec	    hex	filename
   3258	    268	   2090	   5616	   15f0	hello_world.elf
'Finished building: hello_world.elf.size'
' '
'Invoking: Xilinx ELF Check'
elfcheck hello_world.elf -hw ../../basic_system_hw_platform/system.xml -pe microblaze_0  |tee "hello_world.elf.elfcheck"
elfcheck
Xilinx EDK 14.6 Build EDK_P.68d
Copyright (c) 1995-2012 Xilinx, Inc.  All rights reserved.

Command Line: elfcheck -hw ../../basic_system_hw_platform/system.xml -pe
microblaze_0 hello_world.elf 

ELF file	: hello_world.elf
elfcheck passed.
'Finished building: hello_world.elf.elfcheck'
' '
09:31:38 **** Incremental Build of configuration Debug for project hello_world ****
make all 
make: Ništa za napraviti za `all'.
09:32:20 **** Auto Build of configuration Debug for project hello_world ****
make all 
'Building file: ../src/helloworld.c'
'Invoking: MicroBlaze gcc compiler'
mb-gcc -Wall -O0 -g3 -c -fmessage-length=0 -I../../hello_world_bsp/microblaze_0/include -mlittle-endian -mxl-barrel-shift -mxl-pattern-compare -mcpu=v8.50.b -mno-xl-soft-mul -Wl,--no-relax -ffunction-sections -fdata-sections -MMD -MP -MF"src/helloworld.d" -MT"src/helloworld.d" -o "src/helloworld.o" "../src/helloworld.c"
../src/helloworld.c: In function 'main':
../src/helloworld.c:49:19: warning: unused variable 'string_s' [-Wunused-variable]
'Finished building: ../src/helloworld.c'
' '
'Building target: hello_world.elf'
'Invoking: MicroBlaze gcc linker'
mb-gcc -Wl,-T -Wl,../src/lscript.ld -L../../hello_world_bsp/microblaze_0/lib -mlittle-endian -mxl-barrel-shift -mxl-pattern-compare -mcpu=v8.50.b -mno-xl-soft-mul -Wl,--no-relax -Wl,--gc-sections -o "hello_world.elf"  ./src/helloworld.o ./src/platform.o ./src/vga_periph_mem.o   -Wl,--start-group,-lxil,-lgcc,-lc,--end-group
'Finished building target: hello_world.elf'
' '
'Invoking: MicroBlaze Print Size'
mb-size hello_world.elf  |tee "hello_world.elf.size"
   text	   data	    bss	    dec	    hex	filename
   3262	    268	   2080	   5610	   15ea	hello_world.elf
'Finished building: hello_world.elf.size'
' '
'Invoking: Xilinx ELF Check'
elfcheck hello_world.elf -hw ../../basic_system_hw_platform/system.xml -pe microblaze_0  |tee "hello_world.elf.elfcheck"
elfcheck
Xilinx EDK 14.6 Build EDK_P.68d
Copyright (c) 1995-2012 Xilinx, Inc.  All rights reserved.

Command Line: elfcheck -hw ../../basic_system_hw_platform/system.xml -pe
microblaze_0 hello_world.elf 

ELF file	: hello_world.elf
elfcheck passed.
'Finished building: hello_world.elf.elfcheck'
' '
09:32:22 **** Incremental Build of configuration Debug for project hello_world ****
make all 
make: Ništa za napraviti za `all'.
09:32:42 **** Auto Build of configuration Debug for project hello_world ****
make all 
'Building file: ../src/helloworld.c'
'Invoking: MicroBlaze gcc compiler'
mb-gcc -Wall -O0 -g3 -c -fmessage-length=0 -I../../hello_world_bsp/microblaze_0/include -mlittle-endian -mxl-barrel-shift -mxl-pattern-compare -mcpu=v8.50.b -mno-xl-soft-mul -Wl,--no-relax -ffunction-sections -fdata-sections -MMD -MP -MF"src/helloworld.d" -MT"src/helloworld.d" -o "src/helloworld.o" "../src/helloworld.c"
../src/helloworld.c: In function 'main':
../src/helloworld.c:49:19: warning: unused variable 'string_s' [-Wunused-variable]
'Finished building: ../src/helloworld.c'
' '
'Building target: hello_world.elf'
'Invoking: MicroBlaze gcc linker'
mb-gcc -Wl,-T -Wl,../src/lscript.ld -L../../hello_world_bsp/microblaze_0/lib -mlittle-endian -mxl-barrel-shift -mxl-pattern-compare -mcpu=v8.50.b -mno-xl-soft-mul -Wl,--no-relax -Wl,--gc-sections -o "hello_world.elf"  ./src/helloworld.o ./src/platform.o ./src/vga_periph_mem.o   -Wl,--start-group,-lxil,-lgcc,-lc,--end-group
'Finished building target: hello_world.elf'
' '
'Invoking: MicroBlaze Print Size'
mb-size hello_world.elf  |tee "hello_world.elf.size"
   text	   data	    bss	    dec	    hex	filename
   3270	    268	   2080	   5618	   15f2	hello_world.elf
'Finished building: hello_world.elf.size'
' '
'Invoking: Xilinx ELF Check'
elfcheck hello_world.elf -hw ../../basic_system_hw_platform/system.xml -pe microblaze_0  |tee "hello_world.elf.elfcheck"
elfcheck
Xilinx EDK 14.6 Build EDK_P.68d
Copyright (c) 1995-2012 Xilinx, Inc.  All rights reserved.

Command Line: elfcheck -hw ../../basic_system_hw_platform/system.xml -pe
microblaze_0 hello_world.elf 

ELF file	: hello_world.elf
elfcheck passed.
'Finished building: hello_world.elf.elfcheck'
' '
09:32:44 **** Incremental Build of configuration Debug for project hello_world ****
make all 
make: Ništa za napraviti za `all'.
09:34:18 **** Auto Build of configuration Debug for project hello_world ****
make all 
'Building file: ../src/helloworld.c'
'Invoking: MicroBlaze gcc compiler'
mb-gcc -Wall -O0 -g3 -c -fmessage-length=0 -I../../hello_world_bsp/microblaze_0/include -mlittle-endian -mxl-barrel-shift -mxl-pattern-compare -mcpu=v8.50.b -mno-xl-soft-mul -Wl,--no-relax -ffunction-sections -fdata-sections -MMD -MP -MF"src/helloworld.d" -MT"src/helloworld.d" -o "src/helloworld.o" "../src/helloworld.c"
../src/helloworld.c: In function 'main':
../src/helloworld.c:49:19: warning: unused variable 'string_s' [-Wunused-variable]
'Finished building: ../src/helloworld.c'
' '
'Building target: hello_world.elf'
'Invoking: MicroBlaze gcc linker'
mb-gcc -Wl,-T -Wl,../src/lscript.ld -L../../hello_world_bsp/microblaze_0/lib -mlittle-endian -mxl-barrel-shift -mxl-pattern-compare -mcpu=v8.50.b -mno-xl-soft-mul -Wl,--no-relax -Wl,--gc-sections -o "hello_world.elf"  ./src/helloworld.o ./src/platform.o ./src/vga_periph_mem.o   -Wl,--start-group,-lxil,-lgcc,-lc,--end-group
'Finished building target: hello_world.elf'
' '
'Invoking: MicroBlaze Print Size'
mb-size hello_world.elf  |tee "hello_world.elf.size"
   text	   data	    bss	    dec	    hex	filename
   3270	    268	   2080	   5618	   15f2	hello_world.elf
'Finished building: hello_world.elf.size'
' '
'Invoking: Xilinx ELF Check'
elfcheck hello_world.elf -hw ../../basic_system_hw_platform/system.xml -pe microblaze_0  |tee "hello_world.elf.elfcheck"
elfcheck
Xilinx EDK 14.6 Build EDK_P.68d
Copyright (c) 1995-2012 Xilinx, Inc.  All rights reserved.

Command Line: elfcheck -hw ../../basic_system_hw_platform/system.xml -pe
microblaze_0 hello_world.elf 

ELF file	: hello_world.elf
elfcheck passed.
'Finished building: hello_world.elf.elfcheck'
' '
09:34:20 **** Incremental Build of configuration Debug for project hello_world ****
make all 
make: Ništa za napraviti za `all'.
09:34:51 **** Auto Build of configuration Debug for project hello_world ****
make all 
'Building file: ../src/helloworld.c'
'Invoking: MicroBlaze gcc compiler'
mb-gcc -Wall -O0 -g3 -c -fmessage-length=0 -I../../hello_world_bsp/microblaze_0/include -mlittle-endian -mxl-barrel-shift -mxl-pattern-compare -mcpu=v8.50.b -mno-xl-soft-mul -Wl,--no-relax -ffunction-sections -fdata-sections -MMD -MP -MF"src/helloworld.d" -MT"src/helloworld.d" -o "src/helloworld.o" "../src/helloworld.c"
../src/helloworld.c: In function 'main':
../src/helloworld.c:49:19: warning: unused variable 'string_s' [-Wunused-variable]
'Finished building: ../src/helloworld.c'
' '
'Building target: hello_world.elf'
'Invoking: MicroBlaze gcc linker'
mb-gcc -Wl,-T -Wl,../src/lscript.ld -L../../hello_world_bsp/microblaze_0/lib -mlittle-endian -mxl-barrel-shift -mxl-pattern-compare -mcpu=v8.50.b -mno-xl-soft-mul -Wl,--no-relax -Wl,--gc-sections -o "hello_world.elf"  ./src/helloworld.o ./src/platform.o ./src/vga_periph_mem.o   -Wl,--start-group,-lxil,-lgcc,-lc,--end-group
'Finished building target: hello_world.elf'
' '
'Invoking: MicroBlaze Print Size'
mb-size hello_world.elf  |tee "hello_world.elf.size"
   text	   data	    bss	    dec	    hex	filename
   3270	    268	   2080	   5618	   15f2	hello_world.elf
'Finished building: hello_world.elf.size'
' '
'Invoking: Xilinx ELF Check'
elfcheck hello_world.elf -hw ../../basic_system_hw_platform/system.xml -pe microblaze_0  |tee "hello_world.elf.elfcheck"
elfcheck
Xilinx EDK 14.6 Build EDK_P.68d
Copyright (c) 1995-2012 Xilinx, Inc.  All rights reserved.

Command Line: elfcheck -hw ../../basic_system_hw_platform/system.xml -pe
microblaze_0 hello_world.elf 

ELF file	: hello_world.elf
elfcheck passed.
'Finished building: hello_world.elf.elfcheck'
' '
09:34:54 **** Incremental Build of configuration Debug for project hello_world ****
make all 
make: Ništa za napraviti za `all'.
09:35:22 **** Auto Build of configuration Debug for project hello_world ****
make all 
'Building file: ../src/helloworld.c'
'Invoking: MicroBlaze gcc compiler'
mb-gcc -Wall -O0 -g3 -c -fmessage-length=0 -I../../hello_world_bsp/microblaze_0/include -mlittle-endian -mxl-barrel-shift -mxl-pattern-compare -mcpu=v8.50.b -mno-xl-soft-mul -Wl,--no-relax -ffunction-sections -fdata-sections -MMD -MP -MF"src/helloworld.d" -MT"src/helloworld.d" -o "src/helloworld.o" "../src/helloworld.c"
../src/helloworld.c: In function 'main':
../src/helloworld.c:49:19: warning: unused variable 'string_s' [-Wunused-variable]
'Finished building: ../src/helloworld.c'
' '
'Building target: hello_world.elf'
'Invoking: MicroBlaze gcc linker'
mb-gcc -Wl,-T -Wl,../src/lscript.ld -L../../hello_world_bsp/microblaze_0/lib -mlittle-endian -mxl-barrel-shift -mxl-pattern-compare -mcpu=v8.50.b -mno-xl-soft-mul -Wl,--no-relax -Wl,--gc-sections -o "hello_world.elf"  ./src/helloworld.o ./src/platform.o ./src/vga_periph_mem.o   -Wl,--start-group,-lxil,-lgcc,-lc,--end-group
'Finished building target: hello_world.elf'
' '
'Invoking: MicroBlaze Print Size'
mb-size hello_world.elf  |tee "hello_world.elf.size"
   text	   data	    bss	    dec	    hex	filename
   3278	    268	   2080	   5626	   15fa	hello_world.elf
'Finished building: hello_world.elf.size'
' '
'Invoking: Xilinx ELF Check'
elfcheck hello_world.elf -hw ../../basic_system_hw_platform/system.xml -pe microblaze_0  |tee "hello_world.elf.elfcheck"
elfcheck
Xilinx EDK 14.6 Build EDK_P.68d
Copyright (c) 1995-2012 Xilinx, Inc.  All rights reserved.

Command Line: elfcheck -hw ../../basic_system_hw_platform/system.xml -pe
microblaze_0 hello_world.elf 

ELF file	: hello_world.elf
elfcheck passed.
'Finished building: hello_world.elf.elfcheck'
' '
09:35:25 **** Incremental Build of configuration Debug for project hello_world ****
make all 
make: Ništa za napraviti za `all'.
09:35:43 **** Auto Build of configuration Debug for project hello_world ****
make all 
'Building file: ../src/helloworld.c'
'Invoking: MicroBlaze gcc compiler'
mb-gcc -Wall -O0 -g3 -c -fmessage-length=0 -I../../hello_world_bsp/microblaze_0/include -mlittle-endian -mxl-barrel-shift -mxl-pattern-compare -mcpu=v8.50.b -mno-xl-soft-mul -Wl,--no-relax -ffunction-sections -fdata-sections -MMD -MP -MF"src/helloworld.d" -MT"src/helloworld.d" -o "src/helloworld.o" "../src/helloworld.c"
../src/helloworld.c: In function 'main':
../src/helloworld.c:49:19: warning: unused variable 'string_s' [-Wunused-variable]
'Finished building: ../src/helloworld.c'
' '
'Building target: hello_world.elf'
'Invoking: MicroBlaze gcc linker'
mb-gcc -Wl,-T -Wl,../src/lscript.ld -L../../hello_world_bsp/microblaze_0/lib -mlittle-endian -mxl-barrel-shift -mxl-pattern-compare -mcpu=v8.50.b -mno-xl-soft-mul -Wl,--no-relax -Wl,--gc-sections -o "hello_world.elf"  ./src/helloworld.o ./src/platform.o ./src/vga_periph_mem.o   -Wl,--start-group,-lxil,-lgcc,-lc,--end-group
'Finished building target: hello_world.elf'
' '
'Invoking: MicroBlaze Print Size'
mb-size hello_world.elf  |tee "hello_world.elf.size"
   text	   data	    bss	    dec	    hex	filename
   3278	    268	   2080	   5626	   15fa	hello_world.elf
'Finished building: hello_world.elf.size'
' '
'Invoking: Xilinx ELF Check'
elfcheck hello_world.elf -hw ../../basic_system_hw_platform/system.xml -pe microblaze_0  |tee "hello_world.elf.elfcheck"
elfcheck
Xilinx EDK 14.6 Build EDK_P.68d
Copyright (c) 1995-2012 Xilinx, Inc.  All rights reserved.

Command Line: elfcheck -hw ../../basic_system_hw_platform/system.xml -pe
microblaze_0 hello_world.elf 

ELF file	: hello_world.elf
elfcheck passed.
'Finished building: hello_world.elf.elfcheck'
' '
09:35:45 **** Incremental Build of configuration Debug for project hello_world ****
make all 
make: Ništa za napraviti za `all'.
09:38:16 **** Auto Build of configuration Debug for project hello_world ****
make all 
'Building file: ../src/helloworld.c'
'Invoking: MicroBlaze gcc compiler'
mb-gcc -Wall -O0 -g3 -c -fmessage-length=0 -I../../hello_world_bsp/microblaze_0/include -mlittle-endian -mxl-barrel-shift -mxl-pattern-compare -mcpu=v8.50.b -mno-xl-soft-mul -Wl,--no-relax -ffunction-sections -fdata-sections -MMD -MP -MF"src/helloworld.d" -MT"src/helloworld.d" -o "src/helloworld.o" "../src/helloworld.c"
../src/helloworld.c: In function 'main':
../src/helloworld.c:73:5: error: 'step_y' undeclared (first use in this function)
../src/helloworld.c:73:5: note: each undeclared identifier is reported only once for each function it appears in
../src/helloworld.c:70:23: warning: unused variable 'step' [-Wunused-variable]
../src/helloworld.c:49:19: warning: unused variable 'string_s' [-Wunused-variable]
make: *** [src/helloworld.o] Greška 1
09:38:24 **** Auto Build of configuration Debug for project hello_world ****
make all 
'Building file: ../src/helloworld.c'
'Invoking: MicroBlaze gcc compiler'
mb-gcc -Wall -O0 -g3 -c -fmessage-length=0 -I../../hello_world_bsp/microblaze_0/include -mlittle-endian -mxl-barrel-shift -mxl-pattern-compare -mcpu=v8.50.b -mno-xl-soft-mul -Wl,--no-relax -ffunction-sections -fdata-sections -MMD -MP -MF"src/helloworld.d" -MT"src/helloworld.d" -o "src/helloworld.o" "../src/helloworld.c"
../src/helloworld.c: In function 'main':
../src/helloworld.c:49:19: warning: unused variable 'string_s' [-Wunused-variable]
'Finished building: ../src/helloworld.c'
' '
'Building target: hello_world.elf'
'Invoking: MicroBlaze gcc linker'
mb-gcc -Wl,-T -Wl,../src/lscript.ld -L../../hello_world_bsp/microblaze_0/lib -mlittle-endian -mxl-barrel-shift -mxl-pattern-compare -mcpu=v8.50.b -mno-xl-soft-mul -Wl,--no-relax -Wl,--gc-sections -o "hello_world.elf"  ./src/helloworld.o ./src/platform.o ./src/vga_periph_mem.o   -Wl,--start-group,-lxil,-lgcc,-lc,--end-group
'Finished building target: hello_world.elf'
' '
'Invoking: MicroBlaze Print Size'
mb-size hello_world.elf  |tee "hello_world.elf.size"
   text	   data	    bss	    dec	    hex	filename
   3278	    268	   2080	   5626	   15fa	hello_world.elf
'Finished building: hello_world.elf.size'
' '
'Invoking: Xilinx ELF Check'
elfcheck hello_world.elf -hw ../../basic_system_hw_platform/system.xml -pe microblaze_0  |tee "hello_world.elf.elfcheck"
elfcheck
Xilinx EDK 14.6 Build EDK_P.68d
Copyright (c) 1995-2012 Xilinx, Inc.  All rights reserved.

Command Line: elfcheck -hw ../../basic_system_hw_platform/system.xml -pe
microblaze_0 hello_world.elf 

ELF file	: hello_world.elf
elfcheck passed.
'Finished building: hello_world.elf.elfcheck'
' '
09:40:23 **** Auto Build of configuration Debug for project hello_world ****
make all 
'Building file: ../src/helloworld.c'
'Invoking: MicroBlaze gcc compiler'
mb-gcc -Wall -O0 -g3 -c -fmessage-length=0 -I../../hello_world_bsp/microblaze_0/include -mlittle-endian -mxl-barrel-shift -mxl-pattern-compare -mcpu=v8.50.b -mno-xl-soft-mul -Wl,--no-relax -ffunction-sections -fdata-sections -MMD -MP -MF"src/helloworld.d" -MT"src/helloworld.d" -o "src/helloworld.o" "../src/helloworld.c"
../src/helloworld.c: In function 'main':
../src/helloworld.c:70:23: warning: variable 'step_y' set but not used [-Wunused-but-set-variable]
../src/helloworld.c:70:20: warning: variable 'b' set but not used [-Wunused-but-set-variable]
../src/helloworld.c:70:18: warning: variable 'a' set but not used [-Wunused-but-set-variable]
../src/helloworld.c:69:25: warning: unused variable 't' [-Wunused-variable]
../src/helloworld.c:69:16: warning: unused variable 'y' [-Wunused-variable]
../src/helloworld.c:69:9: warning: unused variable 'x' [-Wunused-variable]
../src/helloworld.c:50:19: warning: unused variable 'c' [-Wunused-variable]
'Finished building: ../src/helloworld.c'
' '
'Building target: hello_world.elf'
'Invoking: MicroBlaze gcc linker'
mb-gcc -Wl,-T -Wl,../src/lscript.ld -L../../hello_world_bsp/microblaze_0/lib -mlittle-endian -mxl-barrel-shift -mxl-pattern-compare -mcpu=v8.50.b -mno-xl-soft-mul -Wl,--no-relax -Wl,--gc-sections -o "hello_world.elf"  ./src/helloworld.o ./src/platform.o ./src/vga_periph_mem.o   -Wl,--start-group,-lxil,-lgcc,-lc,--end-group
'Finished building target: hello_world.elf'
' '
'Invoking: MicroBlaze Print Size'
mb-size hello_world.elf  |tee "hello_world.elf.size"
   text	   data	    bss	    dec	    hex	filename
   3070	    268	   2088	   5426	   1532	hello_world.elf
'Finished building: hello_world.elf.size'
' '
'Invoking: Xilinx ELF Check'
elfcheck hello_world.elf -hw ../../basic_system_hw_platform/system.xml -pe microblaze_0  |tee "hello_world.elf.elfcheck"
elfcheck
Xilinx EDK 14.6 Build EDK_P.68d
Copyright (c) 1995-2012 Xilinx, Inc.  All rights reserved.

Command Line: elfcheck -hw ../../basic_system_hw_platform/system.xml -pe
microblaze_0 hello_world.elf 

ELF file	: hello_world.elf
elfcheck passed.
'Finished building: hello_world.elf.elfcheck'
' '
09:40:55 **** Auto Build of project hello_world_bsp ****
make -k all 
'Finished building libraries'
10:13:53 **** Auto Build of configuration Debug for project hello_world ****
make all 
'Building file: ../src/helloworld.c'
'Invoking: MicroBlaze gcc compiler'
mb-gcc -Wall -O0 -g3 -c -fmessage-length=0 -I../../hello_world_bsp/microblaze_0/include -mlittle-endian -mxl-barrel-shift -mxl-pattern-compare -mcpu=v8.50.b -mno-xl-soft-mul -Wl,--no-relax -ffunction-sections -fdata-sections -MMD -MP -MF"src/helloworld.d" -MT"src/helloworld.d" -o "src/helloworld.o" "../src/helloworld.c"
../src/helloworld.c:45:40: warning: useless storage class specifier in empty declaration [enabled by default]
../src/helloworld.c:46:1: error: unknown type name 'direction'
../src/helloworld.c: In function 'main':
../src/helloworld.c:53:19: warning: unused variable 'c' [-Wunused-variable]
make: *** [src/helloworld.o] Greška 1
10:15:12 **** Auto Build of configuration Debug for project hello_world ****
make all 
'Building file: ../src/helloworld.c'
'Invoking: MicroBlaze gcc compiler'
mb-gcc -Wall -O0 -g3 -c -fmessage-length=0 -I../../hello_world_bsp/microblaze_0/include -mlittle-endian -mxl-barrel-shift -mxl-pattern-compare -mcpu=v8.50.b -mno-xl-soft-mul -Wl,--no-relax -ffunction-sections -fdata-sections -MMD -MP -MF"src/helloworld.d" -MT"src/helloworld.d" -o "src/helloworld.o" "../src/helloworld.c"
../src/helloworld.c: In function 'main':
../src/helloworld.c:52:19: warning: unused variable 'c' [-Wunused-variable]
'Finished building: ../src/helloworld.c'
' '
'Building target: hello_world.elf'
'Invoking: MicroBlaze gcc linker'
mb-gcc -Wl,-T -Wl,../src/lscript.ld -L../../hello_world_bsp/microblaze_0/lib -mlittle-endian -mxl-barrel-shift -mxl-pattern-compare -mcpu=v8.50.b -mno-xl-soft-mul -Wl,--no-relax -Wl,--gc-sections -o "hello_world.elf"  ./src/helloworld.o ./src/platform.o ./src/vga_periph_mem.o   -Wl,--start-group,-lxil,-lgcc,-lc,--end-group
'Finished building target: hello_world.elf'
' '
'Invoking: MicroBlaze Print Size'
mb-size hello_world.elf  |tee "hello_world.elf.size"
   text	   data	    bss	    dec	    hex	filename
   3338	    268	   2090	   5696	   1640	hello_world.elf
'Finished building: hello_world.elf.size'
' '
'Invoking: Xilinx ELF Check'
elfcheck hello_world.elf -hw ../../basic_system_hw_platform/system.xml -pe microblaze_0  |tee "hello_world.elf.elfcheck"
elfcheck
Xilinx EDK 14.6 Build EDK_P.68d
Copyright (c) 1995-2012 Xilinx, Inc.  All rights reserved.

Command Line: elfcheck -hw ../../basic_system_hw_platform/system.xml -pe
microblaze_0 hello_world.elf 

ELF file	: hello_world.elf
elfcheck passed.
'Finished building: hello_world.elf.elfcheck'
' '
10:23:29 **** Auto Build of configuration Debug for project hello_world ****
make all 
'Building file: ../src/helloworld.c'
'Invoking: MicroBlaze gcc compiler'
mb-gcc -Wall -O0 -g3 -c -fmessage-length=0 -I../../hello_world_bsp/microblaze_0/include -mlittle-endian -mxl-barrel-shift -mxl-pattern-compare -mcpu=v8.50.b -mno-xl-soft-mul -Wl,--no-relax -ffunction-sections -fdata-sections -MMD -MP -MF"src/helloworld.d" -MT"src/helloworld.d" -o "src/helloworld.o" "../src/helloworld.c"
../src/helloworld.c: In function 'main':
../src/helloworld.c:52:19: warning: unused variable 'c' [-Wunused-variable]
'Finished building: ../src/helloworld.c'
' '
'Building target: hello_world.elf'
'Invoking: MicroBlaze gcc linker'
mb-gcc -Wl,-T -Wl,../src/lscript.ld -L../../hello_world_bsp/microblaze_0/lib -mlittle-endian -mxl-barrel-shift -mxl-pattern-compare -mcpu=v8.50.b -mno-xl-soft-mul -Wl,--no-relax -Wl,--gc-sections -o "hello_world.elf"  ./src/helloworld.o ./src/platform.o ./src/vga_periph_mem.o   -Wl,--start-group,-lxil,-lgcc,-lc,--end-group
'Finished building target: hello_world.elf'
' '
'Invoking: MicroBlaze Print Size'
mb-size hello_world.elf  |tee "hello_world.elf.size"
   text	   data	    bss	    dec	    hex	filename
   3562	    272	   2086	   5920	   1720	hello_world.elf
'Finished building: hello_world.elf.size'
' '
'Invoking: Xilinx ELF Check'
elfcheck hello_world.elf -hw ../../basic_system_hw_platform/system.xml -pe microblaze_0  |tee "hello_world.elf.elfcheck"
elfcheck
Xilinx EDK 14.6 Build EDK_P.68d
Copyright (c) 1995-2012 Xilinx, Inc.  All rights reserved.

Command Line: elfcheck -hw ../../basic_system_hw_platform/system.xml -pe
microblaze_0 hello_world.elf 

ELF file	: hello_world.elf
elfcheck passed.
'Finished building: hello_world.elf.elfcheck'
' '
10:23:49 **** Auto Build of project hello_world_bsp ****
make -k all 
'Finished building libraries'
10:24:24 **** Auto Build of configuration Debug for project hello_world ****
make all 
'Building file: ../src/helloworld.c'
'Invoking: MicroBlaze gcc compiler'
mb-gcc -Wall -O0 -g3 -c -fmessage-length=0 -I../../hello_world_bsp/microblaze_0/include -mlittle-endian -mxl-barrel-shift -mxl-pattern-compare -mcpu=v8.50.b -mno-xl-soft-mul -Wl,--no-relax -ffunction-sections -fdata-sections -MMD -MP -MF"src/helloworld.d" -MT"src/helloworld.d" -o "src/helloworld.o" "../src/helloworld.c"
../src/helloworld.c: In function 'main':
../src/helloworld.c:52:19: warning: unused variable 'c' [-Wunused-variable]
'Finished building: ../src/helloworld.c'
' '
'Building target: hello_world.elf'
'Invoking: MicroBlaze gcc linker'
mb-gcc -Wl,-T -Wl,../src/lscript.ld -L../../hello_world_bsp/microblaze_0/lib -mlittle-endian -mxl-barrel-shift -mxl-pattern-compare -mcpu=v8.50.b -mno-xl-soft-mul -Wl,--no-relax -Wl,--gc-sections -o "hello_world.elf"  ./src/helloworld.o ./src/platform.o ./src/vga_periph_mem.o   -Wl,--start-group,-lxil,-lgcc,-lc,--end-group
'Finished building target: hello_world.elf'
' '
'Invoking: MicroBlaze Print Size'
mb-size hello_world.elf  |tee "hello_world.elf.size"
   text	   data	    bss	    dec	    hex	filename
   3562	    272	   2086	   5920	   1720	hello_world.elf
'Finished building: hello_world.elf.size'
' '
'Invoking: Xilinx ELF Check'
elfcheck hello_world.elf -hw ../../basic_system_hw_platform/system.xml -pe microblaze_0  |tee "hello_world.elf.elfcheck"
elfcheck
Xilinx EDK 14.6 Build EDK_P.68d
Copyright (c) 1995-2012 Xilinx, Inc.  All rights reserved.

Command Line: elfcheck -hw ../../basic_system_hw_platform/system.xml -pe
microblaze_0 hello_world.elf 

ELF file	: hello_world.elf
elfcheck passed.
'Finished building: hello_world.elf.elfcheck'
' '
10:24:27 **** Incremental Build of configuration Debug for project hello_world ****
make all 
make: Ništa za napraviti za `all'.
10:25:49 **** Incremental Build of configuration Debug for project hello_world ****
make all 
make: Ništa za napraviti za `all'.
10:27:19 **** Incremental Build of configuration Debug for project hello_world ****
make all 
make: Ništa za napraviti za `all'.
10:29:51 **** Auto Build of configuration Debug for project hello_world ****
make all 
'Building file: ../src/helloworld.c'
'Invoking: MicroBlaze gcc compiler'
mb-gcc -Wall -O0 -g3 -c -fmessage-length=0 -I../../hello_world_bsp/microblaze_0/include -mlittle-endian -mxl-barrel-shift -mxl-pattern-compare -mcpu=v8.50.b -mno-xl-soft-mul -Wl,--no-relax -ffunction-sections -fdata-sections -MMD -MP -MF"src/helloworld.d" -MT"src/helloworld.d" -o "src/helloworld.o" "../src/helloworld.c"
../src/helloworld.c: In function 'main':
../src/helloworld.c:52:19: warning: unused variable 'c' [-Wunused-variable]
'Finished building: ../src/helloworld.c'
' '
'Building target: hello_world.elf'
'Invoking: MicroBlaze gcc linker'
mb-gcc -Wl,-T -Wl,../src/lscript.ld -L../../hello_world_bsp/microblaze_0/lib -mlittle-endian -mxl-barrel-shift -mxl-pattern-compare -mcpu=v8.50.b -mno-xl-soft-mul -Wl,--no-relax -Wl,--gc-sections -o "hello_world.elf"  ./src/helloworld.o ./src/platform.o ./src/vga_periph_mem.o   -Wl,--start-group,-lxil,-lgcc,-lc,--end-group
'Finished building target: hello_world.elf'
' '
'Invoking: MicroBlaze Print Size'
mb-size hello_world.elf  |tee "hello_world.elf.size"
   text	   data	    bss	    dec	    hex	filename
   3574	    276	   2080	   5930	   172a	hello_world.elf
'Finished building: hello_world.elf.size'
' '
'Invoking: Xilinx ELF Check'
elfcheck hello_world.elf -hw ../../basic_system_hw_platform/system.xml -pe microblaze_0  |tee "hello_world.elf.elfcheck"
elfcheck
Xilinx EDK 14.6 Build EDK_P.68d
Copyright (c) 1995-2012 Xilinx, Inc.  All rights reserved.

Command Line: elfcheck -hw ../../basic_system_hw_platform/system.xml -pe
microblaze_0 hello_world.elf 

ELF file	: hello_world.elf
elfcheck passed.
'Finished building: hello_world.elf.elfcheck'
' '
